ASxxxx Linker V03.00/V05.40 + sdld,  page 1.
Hexadecimal  [32-Bits]

Area                                    Addr        Size        Decimal Bytes (Attributes)
--------------------------------        ----        ----        ------- ----- ------------
CABS                                00000000    00000000 =           0. bytes (ABS,CON,CODE)

      Value  Global                              Global Defined In Module
      -----  --------------------------------   ------------------------
C:   00000000  l_BIT_BANK                      
C:   00000000  l_CABS                          
C:   00000000  l_GSINIT                        
C:   00000000  l_GSINIT1                       
C:   00000000  l_GSINIT5                       
C:   00000000  l_IABS                          
C:   00000000  l_ISEG                          
C:   00000000  l_PSEG                          
C:   00000000  l_REG_BANK_1                    
C:   00000000  l_REG_BANK_2                    
C:   00000000  l_REG_BANK_3                    
C:   00000000  l_RSEG                          
C:   00000000  l_RSEG0                         
C:   00000000  l_RSEG1                         
C:   00000000  l_XABS                          
C:   00000000  l_XINIT                         
C:   00000000  l_XISEG                         
C:   00000000  l_XSEG                          
C:   00000000  l__CODE                         
C:   00000000  s_BSEG                          
C:   00000000  s_CABS                          
C:   00000000  s_DSEG                          
C:   00000000  s_HOME                          
C:   00000000  s_IABS                          
C:   00000000  s_ISEG                          
C:   00000000  s_REG_BANK_0                    
C:   00000000  s_RSEG                          
C:   00000000  s_RSEG0                         
C:   00000000  s_RSEG1                         
C:   00000000  s_XABS                          
C:   00000001  l_BSEG_BYTES                    
C:   00000001  s_PSEG                          
C:   00000001  s_XISEG                         
C:   00000001  s_XSEG                          
C:   00000002  l_BSEG                          
C:   00000002  l_OSEG                          
C:   00000003  l_GSFINAL                       
C:   00000003  l_GSINIT0                       
C:   00000008  l_REG_BANK_0                    
C:   00000008  s_REG_BANK_1                    
C:   0000000A  l_GSINIT2                       
C:   00000010  s_REG_BANK_2                    
C:   00000011  s_OSEG                          
C:   00000018  s_BIT_BANK                      
C:   00000018  s_REG_BANK_3                    
C:   00000020  s_BSEG_BYTES                    
C:   00000020  s__CODE                         
C:   00000021  s_SSEG                          
C:   00000022  l_GSINIT3                       
C:   0000002A  l_GSINIT4                       
ASxxxx Linker V03.00/V05.40 + sdld,  page 2.
Hexadecimal  [32-Bits]

Area                                    Addr        Size        Decimal Bytes (Attributes)
--------------------------------        ----        ----        ------- ----- ------------
CABS                                00000000    00000000 =           0. bytes (ABS,CON,CODE)

      Value  Global                              Global Defined In Module
      -----  --------------------------------   ------------------------
C:   0000003C  l_CONST                         
C:   0000004C  l_HOME                          
C:   0000004C  s_GSINIT0                       
C:   0000004F  s_GSINIT1                       
C:   0000004F  s_GSINIT2                       
C:   00000059  s_GSINIT3                       
C:   00000073  l_DSEG                          
C:   0000007B  s_GSINIT4                       
C:   000000A5  s_GSFINAL                       
C:   000000A5  s_GSINIT                        
C:   000000A5  s_GSINIT5                       
C:   000000A8  s_CSEG                          
C:   000000DF  l_SSEG                          
C:   00000100  l_IRAM                          
C:   00000587  l_CSEG                          
C:   0000062F  s_CONST                         
C:   0000066B  s_XINIT                         

ASxxxx Linker V03.00/V05.40 + sdld,  page 3.
Hexadecimal  [32-Bits]

Area                                    Addr        Size        Decimal Bytes (Attributes)
--------------------------------        ----        ----        ------- ----- ------------
.  .ABS.                            00000000    00000000 =           0. bytes (ABS,CON)

      Value  Global                              Global Defined In Module
      -----  --------------------------------   ------------------------
     00000000  .__.ABS.                           _startup
     00000080  _P0                                main2
     00000080  _P0_0                              main2
     00000081  _P0_1                              main2
     00000081  _SP                                main2
     00000082  _DPL                               main2
     00000082  _P0_2                              main2
     00000083  _DPH                               main2
     00000083  _P0_3                              main2
     00000084  _P0_4                              main2
     00000085  _P0_5                              main2
     00000086  _P0_6                              main2
     00000087  _P0_7                              main2
     00000087  _PCON                              main2
     00000088  _IT0                               main2
     00000088  _TCON                              main2
     00000089  _IE0                               main2
     00000089  _TMOD                              main2
     0000008A  _IT1                               main2
     0000008A  _TL0                               main2
     0000008B  _IE1                               main2
     0000008B  _TL1                               main2
     0000008C  _TH0                               main2
     0000008C  _TR0                               main2
     0000008D  _TF0                               main2
     0000008D  _TH1                               main2
     0000008E  _TR1                               main2
     0000008F  _TF1                               main2
     00000090  _P1                                main2
     00000090  _P1_0                              main2
     00000090  _T2                                main2
     00000091  _P1_1                              main2
     00000091  _T2EX                              main2
     00000092  _P1_2                              main2
     00000093  _P1_3                              main2
     00000094  _P1_4                              main2
     00000095  _P1_5                              main2
     00000096  _P1_6                              main2
     00000096  _SDA                               main2
     00000097  _P1_7                              main2
     00000097  _SCL                               main2
     00000098  _RI                                main2
     00000098  _SCON                              main2
     00000099  _SBUF                              main2
     00000099  _TI                                main2
     0000009A  _RB8                               main2
     0000009B  _TB8                               main2
     0000009C  _REN                               main2
     0000009D  _SM2                               main2
     0000009E  _SM1                               main2
ASxxxx Linker V03.00/V05.40 + sdld,  page 4.
Hexadecimal  [32-Bits]

Area                                    Addr        Size        Decimal Bytes (Attributes)
--------------------------------        ----        ----        ------- ----- ------------
.  .ABS.                            00000000    00000000 =           0. bytes (ABS,CON)

      Value  Global                              Global Defined In Module
      -----  --------------------------------   ------------------------
     0000009F  _SM0                               main2
     000000A0  _P2                                main2
     000000A0  _P2_0                              main2
     000000A0  _START                             main2
     000000A0  __XPAGE                            
     000000A1  _EOC                               main2
     000000A1  _P2_1                              main2
     000000A2  _ALE                               main2
     000000A2  _P2_2                              main2
     000000A3  _OE                                main2
     000000A3  _P2_3                              main2
     000000A4  _P2_4                              main2
     000000A5  _P2_5                              main2
     000000A6  _P2_6                              main2
     000000A7  _P2_7                              main2
     000000A8  _EX0                               main2
     000000A8  _IE                                main2
     000000A9  _ET0                               main2
     000000AA  _EX1                               main2
     000000AB  _ET1                               main2
     000000AC  _ES                                main2
     000000AD  _ET2                               main2
     000000AF  _EA                                main2
     000000B0  _P3                                main2
     000000B0  _P3_0                              main2
     000000B0  _RS                                main2
     000000B0  _RXD                               main2
     000000B1  _EN                                main2
     000000B1  _P3_1                              main2
     000000B1  _TXD                               main2
     000000B2  _INT0                              main2
     000000B2  _LED_GOOD                          main2
     000000B2  _P3_2                              main2
     000000B3  _INT1                              main2
     000000B3  _LED_NEUTRAL                       main2
     000000B3  _P3_3                              main2
     000000B4  _P3_4                              main2
     000000B4  _T0                                main2
     000000B5  _LED_POOR                          main2
     000000B5  _P3_5                              main2
     000000B5  _T1                                main2
     000000B6  _MOTOR                             main2
     000000B6  _P3_6                              main2
     000000B6  _WR                                main2
     000000B7  _P3_7                              main2
     000000B7  _RD                                main2
     000000B8  _IP                                main2
     000000B8  _PX0                               main2
     000000B9  _PT0                               main2
     000000BA  _PX1                               main2
     000000BB  _PT1                               main2
ASxxxx Linker V03.00/V05.40 + sdld,  page 5.
Hexadecimal  [32-Bits]

Area                                    Addr        Size        Decimal Bytes (Attributes)
--------------------------------        ----        ----        ------- ----- ------------
.  .ABS.                            00000000    00000000 =           0. bytes (ABS,CON)

      Value  Global                              Global Defined In Module
      -----  --------------------------------   ------------------------
     000000BC  _PS                                main2
     000000BD  _PT2                               main2
     000000C8  _CP_RL2                            main2
     000000C8  _T2CON                             main2
     000000C8  _T2CON_0                           main2
     000000C9  _C_T2                              main2
     000000C9  _T2CON_1                           main2
     000000C9  _T2MOD                             main2
     000000CA  _RCAP2L                            main2
     000000CA  _T2CON_2                           main2
     000000CA  _TR2                               main2
     000000CB  _EXEN2                             main2
     000000CB  _RCAP2H                            main2
     000000CB  _T2CON_3                           main2
     000000CC  _T2CON_4                           main2
     000000CC  _TCLK                              main2
     000000CC  _TL2                               main2
     000000CD  _RCLK                              main2
     000000CD  _T2CON_5                           main2
     000000CD  _TH2                               main2
     000000CE  _EXF2                              main2
     000000CE  _T2CON_6                           main2
     000000CF  _T2CON_7                           main2
     000000CF  _TF2                               main2
     000000D0  _P                                 main2
     000000D0  _PSW                               main2
     000000D1  _FL                                main2
     000000D2  _OV                                main2
     000000D3  _RS0                               main2
     000000D4  _RS1                               main2
     000000D5  _F0                                main2
     000000D6  _AC                                main2
     000000D7  _CY                                main2
     000000E0  _A                                 main2
     000000E0  _ACC                               main2
     000000F0  _B                                 main2
     000000F5  _B_5                               _gptrget
     000000F6  _B_6                               _gptrget
     000000F7  _B_7                               _gptrget

ASxxxx Linker V03.00/V05.40 + sdld,  page 6.
Hexadecimal  [32-Bits]

Area                                    Addr        Size        Decimal Bytes (Attributes)
--------------------------------        ----        ----        ------- ----- ------------
BSEG_BYTES                          00000020    00000001 =           1. bytes (REL,CON)

      Value  Global                              Global Defined In Module
      -----  --------------------------------   ------------------------
ASxxxx Linker V03.00/V05.40 + sdld,  page 7.
Hexadecimal  [32-Bits]

Area                                    Addr        Size        Decimal Bytes (Attributes)
--------------------------------        ----        ----        ------- ----- ------------
REG_BANK_0                          00000000    00000008 =           8. bytes (REL,OVR)

      Value  Global                              Global Defined In Module
      -----  --------------------------------   ------------------------
ASxxxx Linker V03.00/V05.40 + sdld,  page 8.
Hexadecimal  [32-Bits]

Area                                    Addr        Size        Decimal Bytes (Attributes)
--------------------------------        ----        ----        ------- ----- ------------
DSEG                                00000000    00000073 =         115. bytes (REL,CON)

      Value  Global                              Global Defined In Module
      -----  --------------------------------   ------------------------
     00000008  _rtc_get_date_PARM_2               main2
     0000000B  _rtc_get_date_PARM_3               main2

ASxxxx Linker V03.00/V05.40 + sdld,  page 9.
Hexadecimal  [32-Bits]

Area                                    Addr        Size        Decimal Bytes (Attributes)
--------------------------------        ----        ----        ------- ----- ------------
OSEG                                00000011    00000002 =           2. bytes (REL,OVR)

      Value  Global                              Global Defined In Module
      -----  --------------------------------   ------------------------
     00000011  __divsint_PARM_2                   _divuint
     00000011  __divuint_PARM_2                   _divuint
     00000011  __gptrput_PARM_2                   _gptrput
     00000011  __modsint_PARM_2                   _moduint
     00000011  __moduint_PARM_2                   _moduint
     00000011  __mulint_PARM_2                    _mulint
ASxxxx Linker V03.00/V05.40 + sdld,  page 10.
Hexadecimal  [32-Bits]

Area                                    Addr        Size        Decimal Bytes (Attributes)
--------------------------------        ----        ----        ------- ----- ------------
SSEG                                00000021    000000DF =         223. bytes (REL,OVR)

      Value  Global                              Global Defined In Module
      -----  --------------------------------   ------------------------
     00000021  __start__stack                     main2

ASxxxx Linker V03.00/V05.40 + sdld,  page 11.
Hexadecimal  [32-Bits]

Area                                    Addr        Size        Decimal Bytes (Attributes)
--------------------------------        ----        ----        ------- ----- ------------
HOME                                00000000    0000004C =          76. bytes (REL,CON,CODE)

      Value  Global                              Global Defined In Module
      -----  --------------------------------   ------------------------
C:   00000008  sdcc_atomic_exchange_rollback_st   main2
C:   0000002F  sdcc_atomic_exchange_gptr_impl     main2
C:   0000002F  sdcc_atomic_exchange_rollback_en   main2
C:   0000003F  sdcc_atomic_compare_exchange_gpt   main2
C:   00000049  __sdcc_program_startup             main2

ASxxxx Linker V03.00/V05.40 + sdld,  page 12.
Hexadecimal  [32-Bits]

Area                                    Addr        Size        Decimal Bytes (Attributes)
--------------------------------        ----        ----        ------- ----- ------------
GSINIT0                             0000004C    00000003 =           3. bytes (REL,CON,CODE)

      Value  Global                              Global Defined In Module
      -----  --------------------------------   ------------------------
C:   0000004C  __sdcc_gsinit_startup              

ASxxxx Linker V03.00/V05.40 + sdld,  page 13.
Hexadecimal  [32-Bits]

Area                                    Addr        Size        Decimal Bytes (Attributes)
--------------------------------        ----        ----        ------- ----- ------------
GSINIT2                             0000004F    0000000A =          10. bytes (REL,CON,CODE)

      Value  Global                              Global Defined In Module
      -----  --------------------------------   ------------------------
ASxxxx Linker V03.00/V05.40 + sdld,  page 14.
Hexadecimal  [32-Bits]

Area                                    Addr        Size        Decimal Bytes (Attributes)
--------------------------------        ----        ----        ------- ----- ------------
GSINIT3                             00000059    00000022 =          34. bytes (REL,CON,CODE)

      Value  Global                              Global Defined In Module
      -----  --------------------------------   ------------------------
C:   00000059  __mcs51_genXINIT                   

ASxxxx Linker V03.00/V05.40 + sdld,  page 15.
Hexadecimal  [32-Bits]

Area                                    Addr        Size        Decimal Bytes (Attributes)
--------------------------------        ----        ----        ------- ----- ------------
GSINIT4                             0000007B    0000002A =          42. bytes (REL,CON,CODE)

      Value  Global                              Global Defined In Module
      -----  --------------------------------   ------------------------
C:   0000007B  __mcs51_genRAMCLEAR                
C:   00000081  __mcs51_genXRAMCLEAR               

ASxxxx Linker V03.00/V05.40 + sdld,  page 16.
Hexadecimal  [32-Bits]

Area                                    Addr        Size        Decimal Bytes (Attributes)
--------------------------------        ----        ----        ------- ----- ------------
GSFINAL                             000000A5    00000003 =           3. bytes (REL,CON,CODE)

      Value  Global                              Global Defined In Module
      -----  --------------------------------   ------------------------
ASxxxx Linker V03.00/V05.40 + sdld,  page 17.
Hexadecimal  [32-Bits]

Area                                    Addr        Size        Decimal Bytes (Attributes)
--------------------------------        ----        ----        ------- ----- ------------
CSEG                                000000A8    00000587 =        1415. bytes (REL,CON,CODE)

      Value  Global                              Global Defined In Module
      -----  --------------------------------   ------------------------
C:   000000A8  _delay                             main2
C:   000000CC  _lcd_cmd                           main2
C:   000000E2  _lcd_data                          main2
C:   000000F8  _lcd_init                          main2
C:   0000011C  _lcd_print                         main2
C:   00000147  _i2c_start                         main2
C:   0000015C  _i2c_stop                          main2
C:   0000016E  _i2c_write                         main2
C:   000001B3  _i2c_read                          main2
C:   000001ED  _bcd_to_decimal                    main2
C:   000001FF  _rtc_get_date                      main2
C:   00000292  _adc_read                          main2
C:   000002B1  _display_ph_value                  main2
C:   00000414  _display_date                      main2
C:   000004B3  _main                              main2
C:   000004F3  __gptrput                          _gptrput
C:   0000050E  __mulint                           _mulint
C:   0000050E  __mulint_dummy                     _mulint
C:   0000052B  __moduint                          _moduint
C:   00000578  __divuint                          _divuint
C:   000005A1  __gptrget                          _gptrget
C:   000005BD  __modsint                          _modsint
C:   000005F3  __divsint                          _divsint
C:   0000062B  ___sdcc_external_startup           _startup
ASxxxx Linker V03.00/V05.40 + sdld,  page 18.
Hexadecimal  [32-Bits]

Area                                    Addr        Size        Decimal Bytes (Attributes)
--------------------------------        ----        ----        ------- ----- ------------
CONST                               0000062F    0000003C =          60. bytes (REL,CON,CODE)

      Value  Global                              Global Defined In Module
      -----  --------------------------------   ------------------------
ASxxxx Linker V03.00/V05.40 + sdld,  page 19.

Files Linked                              [ module(s) ]

main2.rel                                 [  ]


Libraries Linked                          [ object file ]

C:\Program Files\SDCC\bin\..\lib\small/mcs51.lib
                                          [ crtclear.rel ]
C:\Program Files\SDCC\bin\..\lib\small/mcs51.lib
                                          [ crtxinit.rel ]
C:\Program Files\SDCC\bin\..\lib\small/libsdcc.lib
                                          [ _gptrput.rel ]
C:\Program Files\SDCC\bin\..\lib\small/libint.lib
                                          [ _mulint.rel ]
C:\Program Files\SDCC\bin\..\lib\small/libint.lib
                                          [ _moduint.rel ]
C:\Program Files\SDCC\bin\..\lib\small/mcs51.lib
                                          [ crtxclear.rel ]
C:\Program Files\SDCC\bin\..\lib\small/libint.lib
                                          [ _divuint.rel ]
C:\Program Files\SDCC\bin\..\lib\small/mcs51.lib
                                          [ crtpagesfr.rel ]
C:\Program Files\SDCC\bin\..\lib\small/mcs51.lib
                                          [ crtstart.rel ]
C:\Program Files\SDCC\bin\..\lib\small/libsdcc.lib
                                          [ _gptrget.rel ]
C:\Program Files\SDCC\bin\..\lib\small/libint.lib
                                          [ _modsint.rel ]
C:\Program Files\SDCC\bin\..\lib\small/libint.lib
                                          [ _divsint.rel ]
C:\Program Files\SDCC\bin\..\lib\small/libsdcc.lib
                                          [ _startup.rel ]

ASxxxx Linker V03.00/V05.40 + sdld,  page 20.

User Base Address Definitions

HOME = 0x0000
XSEG = 0x0001
PSEG = 0x0001
ISEG = 0x0000
BSEG = 0x0000

